// Jest Snapshot v1, https://goo.gl/fbAQLP

exports[`External Link Test matches Snapshot 1`] = `
Object {
  "asFragment": [Function],
  "baseElement": <body>
    <div>
      <a
        aria-label="Aria label description"
        class="ons-external-link"
        href="/link"
        rel="noopener noreferrer"
        target="_blank"
      >
        Click Me
        <svg
          class="ons-svg-icon"
          viewBox="0 0 12 12"
          xmlns="http://www.w3.org/2000/svg"
        >
          <path
            d="M13.5,9H13a.5.5,0,0,0-.5.5v3h-9v-9h3A.5.5,0,0,0,7,3V2.5A.5.5,0,0,0,6.5,2h-4a.5.5,0,0,0-.5.5v11a.5.5,0,0,0,.5.5h11a.5.5,0,0,0,.5-.5v-4A.5.5,0,0,0,13.5,9Z"
            transform="translate(-2 -1.99)"
          />
          <path
            d="M8.83,7.88a.51.51,0,0,0,.71,0l2.31-2.32,1.28,1.28A.51.51,0,0,0,14,6.49v-4a.52.52,0,0,0-.5-.5h-4A.51.51,0,0,0,9,2.52a.58.58,0,0,0,.14.33l1.28,1.28L8.12,6.46a.51.51,0,0,0,0,.71Z"
            transform="translate(-2 -1.99)"
          />
        </svg>
      </a>
    </div>
  </body>,
  "container": <div>
    <a
      aria-label="Aria label description"
      class="ons-external-link"
      href="/link"
      rel="noopener noreferrer"
      target="_blank"
    >
      Click Me
      <svg
        class="ons-svg-icon"
        viewBox="0 0 12 12"
        xmlns="http://www.w3.org/2000/svg"
      >
        <path
          d="M13.5,9H13a.5.5,0,0,0-.5.5v3h-9v-9h3A.5.5,0,0,0,7,3V2.5A.5.5,0,0,0,6.5,2h-4a.5.5,0,0,0-.5.5v11a.5.5,0,0,0,.5.5h11a.5.5,0,0,0,.5-.5v-4A.5.5,0,0,0,13.5,9Z"
          transform="translate(-2 -1.99)"
        />
        <path
          d="M8.83,7.88a.51.51,0,0,0,.71,0l2.31-2.32,1.28,1.28A.51.51,0,0,0,14,6.49v-4a.52.52,0,0,0-.5-.5h-4A.51.51,0,0,0,9,2.52a.58.58,0,0,0,.14.33l1.28,1.28L8.12,6.46a.51.51,0,0,0,0,.71Z"
          transform="translate(-2 -1.99)"
        />
      </svg>
    </a>
  </div>,
  "debug": [Function],
  "findAllByAltText": [Function],
  "findAllByDisplayValue": [Function],
  "findAllByLabelText": [Function],
  "findAllByPlaceholderText": [Function],
  "findAllByRole": [Function],
  "findAllByTestId": [Function],
  "findAllByText": [Function],
  "findAllByTitle": [Function],
  "findByAltText": [Function],
  "findByDisplayValue": [Function],
  "findByLabelText": [Function],
  "findByPlaceholderText": [Function],
  "findByRole": [Function],
  "findByTestId": [Function],
  "findByText": [Function],
  "findByTitle": [Function],
  "getAllByAltText": [Function],
  "getAllByDisplayValue": [Function],
  "getAllByLabelText": [Function],
  "getAllByPlaceholderText": [Function],
  "getAllByRole": [Function],
  "getAllByTestId": [Function],
  "getAllByText": [Function],
  "getAllByTitle": [Function],
  "getByAltText": [Function],
  "getByDisplayValue": [Function],
  "getByLabelText": [Function],
  "getByPlaceholderText": [Function],
  "getByRole": [Function],
  "getByTestId": [Function],
  "getByText": [Function],
  "getByTitle": [Function],
  "queryAllByAltText": [Function],
  "queryAllByDisplayValue": [Function],
  "queryAllByLabelText": [Function],
  "queryAllByPlaceholderText": [Function],
  "queryAllByRole": [Function],
  "queryAllByTestId": [Function],
  "queryAllByText": [Function],
  "queryAllByTitle": [Function],
  "queryByAltText": [Function],
  "queryByDisplayValue": [Function],
  "queryByLabelText": [Function],
  "queryByPlaceholderText": [Function],
  "queryByRole": [Function],
  "queryByTestId": [Function],
  "queryByText": [Function],
  "queryByTitle": [Function],
  "rerender": [Function],
  "unmount": [Function],
}
`;
