// Jest Snapshot v1, https://goo.gl/fbAQLP

exports[`Footer Test matches Snapshot 1`] = `
initialize {
  "0": Node {
    "attribs": Object {
      "class": "footer",
    },
    "children": Array [
      Node {
        "attribs": Object {
          "class": "footer__body",
          "data-analytics": "footer",
        },
        "children": Array [
          Node {
            "attribs": Object {
              "class": "container ",
            },
            "children": Array [
              Node {
                "attribs": Object {
                  "class": "grid grid--flex grid--between",
                },
                "children": Array [
                  Node {
                    "attribs": Object {
                      "class": "grid__col",
                    },
                    "children": Array [
                      Node {
                        "attribs": Object {
                          "class": "u-mt-m u-mb-s",
                        },
                        "children": Array [
                          Node {
                            "attribs": Object {
                              "alt": "Office for National Statistics",
                              "src": "https://ons-design-system.netlify.app/img/ons-logo-black-en.svg",
                            },
                            "children": Array [],
                            "name": "img",
                            "namespace": "http://www.w3.org/1999/xhtml",
                            "next": null,
                            "parent": [Circular],
                            "prev": null,
                            "type": "tag",
                            "x-attribsNamespace": Object {
                              "alt": undefined,
                              "src": undefined,
                            },
                            "x-attribsPrefix": Object {
                              "alt": undefined,
                              "src": undefined,
                            },
                          },
                        ],
                        "name": "div",
                        "namespace": "http://www.w3.org/1999/xhtml",
                        "next": null,
                        "parent": [Circular],
                        "prev": null,
                        "type": "tag",
                        "x-attribsNamespace": Object {
                          "class": undefined,
                        },
                        "x-attribsPrefix": Object {
                          "class": undefined,
                        },
                      },
                    ],
                    "name": "div",
                    "namespace": "http://www.w3.org/1999/xhtml",
                    "next": null,
                    "parent": [Circular],
                    "prev": null,
                    "type": "tag",
                    "x-attribsNamespace": Object {
                      "class": undefined,
                    },
                    "x-attribsPrefix": Object {
                      "class": undefined,
                    },
                  },
                ],
                "name": "div",
                "namespace": "http://www.w3.org/1999/xhtml",
                "next": null,
                "parent": [Circular],
                "prev": null,
                "type": "tag",
                "x-attribsNamespace": Object {
                  "class": undefined,
                },
                "x-attribsPrefix": Object {
                  "class": undefined,
                },
              },
            ],
            "name": "div",
            "namespace": "http://www.w3.org/1999/xhtml",
            "next": null,
            "parent": [Circular],
            "prev": null,
            "type": "tag",
            "x-attribsNamespace": Object {
              "class": undefined,
            },
            "x-attribsPrefix": Object {
              "class": undefined,
            },
          },
        ],
        "name": "div",
        "namespace": "http://www.w3.org/1999/xhtml",
        "next": null,
        "parent": [Circular],
        "prev": null,
        "type": "tag",
        "x-attribsNamespace": Object {
          "class": undefined,
          "data-analytics": undefined,
        },
        "x-attribsPrefix": Object {
          "class": undefined,
          "data-analytics": undefined,
        },
      },
    ],
    "name": "footer",
    "namespace": "http://www.w3.org/1999/xhtml",
    "next": null,
    "parent": Node {
      "children": Array [
        [Circular],
      ],
      "name": "root",
      "next": null,
      "parent": null,
      "prev": null,
      "type": "root",
    },
    "prev": null,
    "type": "tag",
    "x-attribsNamespace": Object {
      "class": undefined,
    },
    "x-attribsPrefix": Object {
      "class": undefined,
    },
  },
  "_root": [Circular],
  "length": 1,
  "options": Object {
    "decodeEntities": true,
    "xml": false,
  },
}
`;
