// Jest Snapshot v1, https://goo.gl/fbAQLP

exports[`Header Test matches Snapshot 1`] = `
Object {
  "asFragment": [Function],
  "baseElement": <body>
    <div>
      <header
        class="header header--internal"
      >
        <div
          class="header__top"
          role="banner"
        >
          <div
            class="container"
          >
            <div
              class="header__grid-top grid grid--gutterless grid--flex grid--between grid--vertical-center grid--no-wrap "
            >
              <div
                class="grid__col col-auto"
              >
                <a
                  class="header__logo-link"
                  href="/"
                >
                  <picture>
                    <img
                      alt="Office for National Statistics logo"
                      class="header__logo"
                      src="https://ons-design-system.netlify.app/img/ons-logo-neg-en.svg"
                    />
                  </picture>
                </a>
              </div>
            </div>
          </div>
        </div>
        <div
          class="header__main"
        >
          <div
            class="container"
          >
            <div
              class="grid grid--gutterless grid--flex grid--between grid--vertical-center grid--no-wrap"
            >
              <div
                class="grid__col col-auto u-flex-shrink"
              >
                <div
                  class="header__title"
                >
                  App Title
                </div>
              </div>
            </div>
          </div>
        </div>
      </header>
    </div>
  </body>,
  "container": <div>
    <header
      class="header header--internal"
    >
      <div
        class="header__top"
        role="banner"
      >
        <div
          class="container"
        >
          <div
            class="header__grid-top grid grid--gutterless grid--flex grid--between grid--vertical-center grid--no-wrap "
          >
            <div
              class="grid__col col-auto"
            >
              <a
                class="header__logo-link"
                href="/"
              >
                <picture>
                  <img
                    alt="Office for National Statistics logo"
                    class="header__logo"
                    src="https://ons-design-system.netlify.app/img/ons-logo-neg-en.svg"
                  />
                </picture>
              </a>
            </div>
          </div>
        </div>
      </div>
      <div
        class="header__main"
      >
        <div
          class="container"
        >
          <div
            class="grid grid--gutterless grid--flex grid--between grid--vertical-center grid--no-wrap"
          >
            <div
              class="grid__col col-auto u-flex-shrink"
            >
              <div
                class="header__title"
              >
                App Title
              </div>
            </div>
          </div>
        </div>
      </div>
    </header>
  </div>,
  "debug": [Function],
  "findAllByAltText": [Function],
  "findAllByDisplayValue": [Function],
  "findAllByLabelText": [Function],
  "findAllByPlaceholderText": [Function],
  "findAllByRole": [Function],
  "findAllByTestId": [Function],
  "findAllByText": [Function],
  "findAllByTitle": [Function],
  "findByAltText": [Function],
  "findByDisplayValue": [Function],
  "findByLabelText": [Function],
  "findByPlaceholderText": [Function],
  "findByRole": [Function],
  "findByTestId": [Function],
  "findByText": [Function],
  "findByTitle": [Function],
  "getAllByAltText": [Function],
  "getAllByDisplayValue": [Function],
  "getAllByLabelText": [Function],
  "getAllByPlaceholderText": [Function],
  "getAllByRole": [Function],
  "getAllByTestId": [Function],
  "getAllByText": [Function],
  "getAllByTitle": [Function],
  "getByAltText": [Function],
  "getByDisplayValue": [Function],
  "getByLabelText": [Function],
  "getByPlaceholderText": [Function],
  "getByRole": [Function],
  "getByTestId": [Function],
  "getByText": [Function],
  "getByTitle": [Function],
  "queryAllByAltText": [Function],
  "queryAllByDisplayValue": [Function],
  "queryAllByLabelText": [Function],
  "queryAllByPlaceholderText": [Function],
  "queryAllByRole": [Function],
  "queryAllByTestId": [Function],
  "queryAllByText": [Function],
  "queryAllByTitle": [Function],
  "queryByAltText": [Function],
  "queryByDisplayValue": [Function],
  "queryByLabelText": [Function],
  "queryByPlaceholderText": [Function],
  "queryByRole": [Function],
  "queryByTestId": [Function],
  "queryByText": [Function],
  "queryByTitle": [Function],
  "rerender": [Function],
  "unmount": [Function],
}
`;
