// Jest Snapshot v1, https://goo.gl/fbAQLP

exports[`ONS Error Panel Test matches Snapshot 1`] = `
initialize {
  "0": Node {
    "attribs": Object {
      "class": "ons-panel ons-panel--error ons-panel--no-title",
    },
    "children": Array [
      Node {
        "attribs": Object {
          "class": "ons-panel__body",
        },
        "children": Array [
          Node {
            "attribs": Object {},
            "children": Array [
              Node {
                "data": "Sorry, there is a problem with this service. We are working to fix the problem. Please try again later.",
                "next": null,
                "parent": [Circular],
                "prev": null,
                "type": "text",
              },
            ],
            "name": "p",
            "namespace": "http://www.w3.org/1999/xhtml",
            "next": null,
            "parent": [Circular],
            "prev": null,
            "type": "tag",
            "x-attribsNamespace": Object {},
            "x-attribsPrefix": Object {},
          },
        ],
        "name": "div",
        "namespace": "http://www.w3.org/1999/xhtml",
        "next": null,
        "parent": [Circular],
        "prev": null,
        "type": "tag",
        "x-attribsNamespace": Object {
          "class": undefined,
        },
        "x-attribsPrefix": Object {
          "class": undefined,
        },
      },
    ],
    "name": "div",
    "namespace": "http://www.w3.org/1999/xhtml",
    "next": null,
    "parent": Node {
      "children": Array [
        [Circular],
      ],
      "name": "root",
      "next": null,
      "parent": null,
      "prev": null,
      "type": "root",
    },
    "prev": null,
    "type": "tag",
    "x-attribsNamespace": Object {
      "class": undefined,
    },
    "x-attribsPrefix": Object {
      "class": undefined,
    },
  },
  "_root": [Circular],
  "length": 1,
  "options": Object {
    "decodeEntities": true,
    "xml": false,
  },
}
`;
