// Jest Snapshot v1, https://goo.gl/fbAQLP

exports[`it matches snapshots 1`] = `
Object {
  "asFragment": [Function],
  "baseElement": <body>
    <div>
      <p />
      <form
        action="#"
      >
        <fieldset
          class="fieldset"
        >
          <legend
            class="fieldset__legend"
          >
            Select questionnaires
          </legend>
          <button
            class="btn u-mb-s js-auto-selector btn--small btn--secondary"
            type="button"
          >
            <span
              class="btn__inner"
            >
              <span
                class="js-button-text"
              >
                Select All
              </span>
              <span
                class="u-vh"
              >
                 following checkboxes
              </span>
            </span>
          </button>
          <div
            class="checkboxes__items"
            id="questionnaire"
          >
            <p
              class="checkboxes__items"
            >
              <span
                class="checkbox"
              >
                <input
                  class="checkbox__input js-checkbox"
                  id="lms"
                  name="questionnaire"
                  type="checkbox"
                  value="lms"
                />
                <label
                  class="checkbox__label "
                  for="lms"
                  id="lms-label"
                >
                  LMS
                </label>
              </span>
            </p>
            <br />
            <p
              class="checkboxes__items"
            >
              <span
                class="checkbox"
              >
                <input
                  class="checkbox__input js-checkbox"
                  id="opn"
                  name="questionnaire"
                  type="checkbox"
                  value="opn"
                />
                <label
                  class="checkbox__label "
                  for="opn"
                  id="opn-label"
                >
                  OPN
                </label>
              </span>
            </p>
            <br />
          </div>
        </fieldset>
        <br />
        <button
          class="btn "
          data-testid="submit-button"
          type="submit"
        >
          <span
            class="btn__inner"
          >
            Save and continue
          </span>
        </button>
      </form>
    </div>
  </body>,
  "container": <div>
    <p />
    <form
      action="#"
    >
      <fieldset
        class="fieldset"
      >
        <legend
          class="fieldset__legend"
        >
          Select questionnaires
        </legend>
        <button
          class="btn u-mb-s js-auto-selector btn--small btn--secondary"
          type="button"
        >
          <span
            class="btn__inner"
          >
            <span
              class="js-button-text"
            >
              Select All
            </span>
            <span
              class="u-vh"
            >
               following checkboxes
            </span>
          </span>
        </button>
        <div
          class="checkboxes__items"
          id="questionnaire"
        >
          <p
            class="checkboxes__items"
          >
            <span
              class="checkbox"
            >
              <input
                class="checkbox__input js-checkbox"
                id="lms"
                name="questionnaire"
                type="checkbox"
                value="lms"
              />
              <label
                class="checkbox__label "
                for="lms"
                id="lms-label"
              >
                LMS
              </label>
            </span>
          </p>
          <br />
          <p
            class="checkboxes__items"
          >
            <span
              class="checkbox"
            >
              <input
                class="checkbox__input js-checkbox"
                id="opn"
                name="questionnaire"
                type="checkbox"
                value="opn"
              />
              <label
                class="checkbox__label "
                for="opn"
                id="opn-label"
              >
                OPN
              </label>
            </span>
          </p>
          <br />
        </div>
      </fieldset>
      <br />
      <button
        class="btn "
        data-testid="submit-button"
        type="submit"
      >
        <span
          class="btn__inner"
        >
          Save and continue
        </span>
      </button>
    </form>
  </div>,
  "debug": [Function],
  "findAllByAltText": [Function],
  "findAllByDisplayValue": [Function],
  "findAllByLabelText": [Function],
  "findAllByPlaceholderText": [Function],
  "findAllByRole": [Function],
  "findAllByTestId": [Function],
  "findAllByText": [Function],
  "findAllByTitle": [Function],
  "findByAltText": [Function],
  "findByDisplayValue": [Function],
  "findByLabelText": [Function],
  "findByPlaceholderText": [Function],
  "findByRole": [Function],
  "findByTestId": [Function],
  "findByText": [Function],
  "findByTitle": [Function],
  "getAllByAltText": [Function],
  "getAllByDisplayValue": [Function],
  "getAllByLabelText": [Function],
  "getAllByPlaceholderText": [Function],
  "getAllByRole": [Function],
  "getAllByTestId": [Function],
  "getAllByText": [Function],
  "getAllByTitle": [Function],
  "getByAltText": [Function],
  "getByDisplayValue": [Function],
  "getByLabelText": [Function],
  "getByPlaceholderText": [Function],
  "getByRole": [Function],
  "getByTestId": [Function],
  "getByText": [Function],
  "getByTitle": [Function],
  "queryAllByAltText": [Function],
  "queryAllByDisplayValue": [Function],
  "queryAllByLabelText": [Function],
  "queryAllByPlaceholderText": [Function],
  "queryAllByRole": [Function],
  "queryAllByTestId": [Function],
  "queryAllByText": [Function],
  "queryAllByTitle": [Function],
  "queryByAltText": [Function],
  "queryByDisplayValue": [Function],
  "queryByLabelText": [Function],
  "queryByPlaceholderText": [Function],
  "queryByRole": [Function],
  "queryByTestId": [Function],
  "queryByText": [Function],
  "queryByTitle": [Function],
  "rerender": [Function],
  "unmount": [Function],
}
`;
