// Jest Snapshot v1, https://goo.gl/fbAQLP

exports[`it matches snapshots 1`] = `
Object {
  "asFragment": [Function],
  "baseElement": <body>
    <div>
      <p />
      <form
        action="#"
      >
        <fieldset
          class="ons-fieldset"
        >
          <legend
            class="ons-fieldset__legend"
          >
            Select your favorite topping
          </legend>
          <div
            class="ons-radios__items"
            id="topping"
          >
            <p
              class="ons-radios__item"
            >
              <span
                class="ons-radio"
              >
                <input
                  class="ons-radio__input js-radio"
                  id="bacon"
                  name="topping"
                  type="radio"
                  value="bacon"
                />
                <label
                  class="ons-radio__label "
                  for="bacon"
                  id="bacon-label"
                >
                  Bacon
                </label>
              </span>
            </p>
            <br />
            <p
              class="ons-radios__item"
            >
              <span
                class="ons-radio"
              >
                <input
                  class="ons-radio__input js-radio"
                  id="cheese"
                  name="topping"
                  type="radio"
                  value="cheese"
                />
                <label
                  class="ons-radio__label ons-label--with-description"
                  for="cheese"
                  id="cheese-label"
                >
                  Cheese
                  <span
                    class="ons-label__description ons-radio__label--with-description"
                    id="white-label-description-hint"
                  >
                    This includes all types of cheese
                  </span>
                </label>
              </span>
            </p>
            <br />
          </div>
        </fieldset>
        <fieldset
          class="ons-fieldset"
        >
          <legend
            class="ons-fieldset__legend"
          >
            Select a radio option
          </legend>
          <div
            class="ons-radios__items"
            id="options"
          >
            <p
              class="ons-radios__item"
            >
              <span
                class="ons-radio"
              >
                <input
                  class="ons-radio__input js-radio"
                  id="firstOption"
                  name="options"
                  type="radio"
                  value="firstOption"
                />
                <label
                  class="ons-radio__label "
                  for="firstOption"
                  id="firstOption-label"
                >
                  First Option
                </label>
              </span>
            </p>
            <br />
            <p
              class="ons-radios__item"
            >
              <span
                class="ons-radio"
              >
                <input
                  class="ons-radio__input js-radio"
                  id="other"
                  name="options"
                  type="radio"
                  value="other"
                />
                <label
                  class="ons-radio__label "
                  for="other"
                  id="other-label"
                >
                  other
                </label>
                <span
                  class="ons-radio__other ons-radio__other--open"
                  id="other-radio-other-wrap"
                >
                  <label
                    class="ons-label ons-u-fs-s--b "
                    for="other-text"
                    id="other-textbox-label"
                  >
                    Please specify
                  </label>
                  <input
                    class="ons-input ons-input--text ons-input-type__input ons-input--w-auto"
                    id="other-text"
                    name="other-text"
                    type="text"
                    value=""
                  />
                </span>
              </span>
            </p>
            <br />
          </div>
        </fieldset>
        <br />
        <button
          class="ons-btn "
          data-testid="submit-button"
          type="submit"
        >
          <span
            class="ons-btn__inner"
          >
            Save and continue
          </span>
        </button>
      </form>
    </div>
  </body>,
  "container": <div>
    <p />
    <form
      action="#"
    >
      <fieldset
        class="ons-fieldset"
      >
        <legend
          class="ons-fieldset__legend"
        >
          Select your favorite topping
        </legend>
        <div
          class="ons-radios__items"
          id="topping"
        >
          <p
            class="ons-radios__item"
          >
            <span
              class="ons-radio"
            >
              <input
                class="ons-radio__input js-radio"
                id="bacon"
                name="topping"
                type="radio"
                value="bacon"
              />
              <label
                class="ons-radio__label "
                for="bacon"
                id="bacon-label"
              >
                Bacon
              </label>
            </span>
          </p>
          <br />
          <p
            class="ons-radios__item"
          >
            <span
              class="ons-radio"
            >
              <input
                class="ons-radio__input js-radio"
                id="cheese"
                name="topping"
                type="radio"
                value="cheese"
              />
              <label
                class="ons-radio__label ons-label--with-description"
                for="cheese"
                id="cheese-label"
              >
                Cheese
                <span
                  class="ons-label__description ons-radio__label--with-description"
                  id="white-label-description-hint"
                >
                  This includes all types of cheese
                </span>
              </label>
            </span>
          </p>
          <br />
        </div>
      </fieldset>
      <fieldset
        class="ons-fieldset"
      >
        <legend
          class="ons-fieldset__legend"
        >
          Select a radio option
        </legend>
        <div
          class="ons-radios__items"
          id="options"
        >
          <p
            class="ons-radios__item"
          >
            <span
              class="ons-radio"
            >
              <input
                class="ons-radio__input js-radio"
                id="firstOption"
                name="options"
                type="radio"
                value="firstOption"
              />
              <label
                class="ons-radio__label "
                for="firstOption"
                id="firstOption-label"
              >
                First Option
              </label>
            </span>
          </p>
          <br />
          <p
            class="ons-radios__item"
          >
            <span
              class="ons-radio"
            >
              <input
                class="ons-radio__input js-radio"
                id="other"
                name="options"
                type="radio"
                value="other"
              />
              <label
                class="ons-radio__label "
                for="other"
                id="other-label"
              >
                other
              </label>
              <span
                class="ons-radio__other ons-radio__other--open"
                id="other-radio-other-wrap"
              >
                <label
                  class="ons-label ons-u-fs-s--b "
                  for="other-text"
                  id="other-textbox-label"
                >
                  Please specify
                </label>
                <input
                  class="ons-input ons-input--text ons-input-type__input ons-input--w-auto"
                  id="other-text"
                  name="other-text"
                  type="text"
                  value=""
                />
              </span>
            </span>
          </p>
          <br />
        </div>
      </fieldset>
      <br />
      <button
        class="ons-btn "
        data-testid="submit-button"
        type="submit"
      >
        <span
          class="ons-btn__inner"
        >
          Save and continue
        </span>
      </button>
    </form>
  </div>,
  "debug": [Function],
  "findAllByAltText": [Function],
  "findAllByDisplayValue": [Function],
  "findAllByLabelText": [Function],
  "findAllByPlaceholderText": [Function],
  "findAllByRole": [Function],
  "findAllByTestId": [Function],
  "findAllByText": [Function],
  "findAllByTitle": [Function],
  "findByAltText": [Function],
  "findByDisplayValue": [Function],
  "findByLabelText": [Function],
  "findByPlaceholderText": [Function],
  "findByRole": [Function],
  "findByTestId": [Function],
  "findByText": [Function],
  "findByTitle": [Function],
  "getAllByAltText": [Function],
  "getAllByDisplayValue": [Function],
  "getAllByLabelText": [Function],
  "getAllByPlaceholderText": [Function],
  "getAllByRole": [Function],
  "getAllByTestId": [Function],
  "getAllByText": [Function],
  "getAllByTitle": [Function],
  "getByAltText": [Function],
  "getByDisplayValue": [Function],
  "getByLabelText": [Function],
  "getByPlaceholderText": [Function],
  "getByRole": [Function],
  "getByTestId": [Function],
  "getByText": [Function],
  "getByTitle": [Function],
  "queryAllByAltText": [Function],
  "queryAllByDisplayValue": [Function],
  "queryAllByLabelText": [Function],
  "queryAllByPlaceholderText": [Function],
  "queryAllByRole": [Function],
  "queryAllByTestId": [Function],
  "queryAllByText": [Function],
  "queryAllByTitle": [Function],
  "queryByAltText": [Function],
  "queryByDisplayValue": [Function],
  "queryByLabelText": [Function],
  "queryByPlaceholderText": [Function],
  "queryByRole": [Function],
  "queryByTestId": [Function],
  "queryByText": [Function],
  "queryByTitle": [Function],
  "rerender": [Function],
  "unmount": [Function],
}
`;
